// Jest Snapshot v1, https://goo.gl/fbAQLP

exports[`ProfileTable matches snapshot 1`] = `
<DocumentFragment>
  <main
    class="ons-page__main ons-u-mt-no"
    id="main-content"
  >
    <div
      class="ons-summary"
    >
      <div
        class="ons-summary__group"
        id="personal-details"
      >
        <h2
          class="ons-summary__group-title"
        >
          User profile
        </h2>
        <dl
          class="ons-summary__items"
        >
          <div
            class="ons-summary__item"
            id="name-row"
          >
            <div
              class="ons-summary__row ons-summary__row--has-values"
              id="name"
            >
              <dt
                class="ons-summary__item-title"
              >
                <div
                  class="ons-summary__item--text"
                >
                  Name
                </div>
              </dt>
              <dd
                class="ons-summary__values"
              >
                <span
                  class="ons-summary__text"
                >
                  John Doe
                </span>
              </dd>
              <dd
                class="ons-summary__actions"
              />
            </div>
          </div>
          <div
            class="ons-summary__item"
            id="password-row"
          >
            <div
              class="ons-summary__row ons-summary__row--has-values"
              id="password"
            >
              <dt
                class="ons-summary__item-title"
              >
                <div
                  class="ons-summary__item--text"
                >
                  Password
                </div>
              </dt>
              <dd
                class="ons-summary__values"
              >
                <span
                  class="ons-summary__text"
                >
                  ••••••••
                </span>
              </dd>
              <dd
                class="ons-summary__actions"
              >
                <a
                  class="ons-summary__button"
                  href="/users/changepassword/John Doe"
                >
                  <span
                    aria-hidden="true"
                    class="ons-summary__button-text"
                  >
                    Change
                  </span>
                  <span
                    class="ons-u-vh"
                  >
                    Change password
                  </span>
                </a>
              </dd>
            </div>
          </div>
        </dl>
      </div>
      <div
        class="ons-summary__group"
        id="roles-and-permissions"
      >
        <h2
          class="ons-summary__group-title"
        >
          Roles and permissions
        </h2>
        <div
          class="ons-summary__item"
          id="role-row"
        >
          <div
            class="ons-summary__row ons-summary__row--has-values"
            id="role"
          >
            <dt
              class="ons-summary__item-title"
            >
              <div
                class="ons-summary__item--text"
              >
                Role
              </div>
            </dt>
            <dd
              class="ons-summary__values"
            >
              <span
                class="ons-summary__text"
              >
                IPS Manager
              </span>
            </dd>
            <dd
              class="ons-summary__actions"
            >
              <a
                class="ons-summary__button"
                href="/users/changerole/John Doe"
              >
                <span
                  aria-hidden="true"
                  class="ons-summary__button-text"
                >
                  Change
                </span>
                <span
                  class="ons-u-vh"
                >
                  Change role
                </span>
              </a>
            </dd>
          </div>
        </div>
        <div
          class="ons-summary__item"
          id="default-server-park-row"
        >
          <div
            class="ons-summary__row ons-summary__row--has-values"
            id="default-server-park"
          >
            <dt
              class="ons-summary__item-title"
            >
              <div
                class="ons-summary__item--text"
              >
                Default Server Park
              </div>
            </dt>
            <dd
              class="ons-summary__values"
            >
              <span
                class="ons-summary__text"
              >
                gusty
              </span>
            </dd>
            <dd
              class="ons-summary__actions"
            />
          </div>
        </div>
        <div
          class="ons-summary__item"
          id="server-parks-row"
        >
          <div
            class="ons-summary__row ons-summary__row--has-values"
            id="server-parks"
          >
            <dt
              class="ons-summary__item-title"
            >
              <div
                class="ons-summary__item--text"
              >
                Server Parks
              </div>
            </dt>
            <dd
              class="ons-summary__values"
            >
              <span
                class="ons-summary__text"
              >
                gusty, cma
              </span>
            </dd>
            <dd
              class="ons-summary__actions"
            />
          </div>
        </div>
      </div>
      <div
        class="ons-summary__group"
        id="actions"
      >
        <h2
          class="ons-summary__group-title"
        >
          Actions
        </h2>
        <div
          id="actions-row"
        >
          <a
            class="ons-summary__button"
            href="/users/delete/John Doe"
          >
            <span
              aria-hidden="true"
              class="ons-summary__button-text"
            >
              Delete
            </span>
            <span
              class="ons-u-vh"
            >
              Delete user
            </span>
          </a>
        </div>
      </div>
    </div>
  </main>
</DocumentFragment>
`;
