// Jest Snapshot v1, https://goo.gl/fbAQLP

exports[`Upload summary tests view users page matches Snapshot 1`] = `
Object {
  "asFragment": [Function],
  "baseElement": <body
    class="ons-js-enabled"
  >
    <div>
      <nav
        aria-label="Breadcrumb"
        class="ons-breadcrumb"
      >
        <ol
          class="ons-breadcrumb__items ons-u-fs-s"
        >
          <li
            class="ons-breadcrumb__item"
            id="breadcrumb-0"
          >
            <a
              class="ons-breadcrumb__link"
              href="/"
            >
              Home
            </a>
            <svg
              class="ons-svg-icon"
              focusable="false"
              viewBox="0 0 8 13"
              xmlns="http://www.w3.org/2000/svg"
            >
              <path
                d="M5.74,14.28l-.57-.56a.5.5,0,0,1,0-.71h0l5-5-5-5a.5.5,0,0,1,0-.71h0l.57-.56a.5.5,0,0,1,.71,0h0l5.93,5.93a.5.5,0,0,1,0,.7L6.45,14.28a.5.5,0,0,1-.71,0Z"
                transform="translate(-5.02 -1.59)"
              />
            </svg>
          </li>
          <li
            class="ons-breadcrumb__item"
            id="breadcrumb-1"
          >
            <a
              class="ons-breadcrumb__link"
              href="/users"
            >
              Manage users
            </a>
            <svg
              class="ons-svg-icon"
              focusable="false"
              viewBox="0 0 8 13"
              xmlns="http://www.w3.org/2000/svg"
            >
              <path
                d="M5.74,14.28l-.57-.56a.5.5,0,0,1,0-.71h0l5-5-5-5a.5.5,0,0,1,0-.71h0l.57-.56a.5.5,0,0,1,.71,0h0l5.93,5.93a.5.5,0,0,1,0,.7L6.45,14.28a.5.5,0,0,1-.71,0Z"
                transform="translate(-5.02 -1.59)"
              />
            </svg>
          </li>
        </ol>
      </nav>
      <main
        class="ons-page__main ons-u-mt-no"
        id="main-content"
      >
        <h1
          class="ons-u-mb-l"
        >
          Bulk upload 
          <em>
            zero
          </em>
           user
          ?
        </h1>
        <div
          class="ons-panel ons-panel--info ons-panel--no-title  ons-u-mt-m"
        >
          <div
            class="ons-panel__body "
          >
            <p>
              0
               of 
              0
               users are valid and will be uploaded. 
              <em>
                Invalid users will not be uploaded.
              </em>
               You can review any issues in the table below.
            </p>
          </div>
        </div>
        <form
          class="ons-u-mt-s"
        >
          <fieldset
            class="ons-fieldset"
          >
            <legend
              class="ons-fieldset__legend"
            />
            <div
              class="ons-radios__items"
            >
              <p
                class="ons-radios__item"
              >
                <span
                  class="ons-radio"
                >
                  <input
                    aria-label="Yes"
                    class="ons-radio__input ons-js-radio "
                    id="confirm-upload"
                    name="confirm-upload"
                    type="radio"
                    value="True"
                  />
                  <label
                    class="ons-radio__label "
                    for="confirm-upload"
                  >
                    Yes, upload 
                    zero
                     valid user
                  </label>
                </span>
              </p>
              <br />
              <p
                class="ons-radios__item"
              >
                <span
                  class="ons-radio"
                >
                  <input
                    aria-label="No"
                    class="ons-radio__input ons-js-radio "
                    id="cancel-upload"
                    name="confirm-upload"
                    type="radio"
                    value="False"
                  />
                  <label
                    class="ons-radio__label "
                    for="cancel-upload"
                  >
                    No, do not upload any users
                  </label>
                </span>
              </p>
            </div>
          </fieldset>
          <br />
          <button
            class="ons-btn "
            data-testid="button"
            id="confirm-continue"
            type="button"
          >
            <span
              class="ons-btn__inner"
            >
              Continue
            </span>
          </button>
          <button
            class="ons-btn  ons-btn--secondary"
            data-testid="button"
            id="cancel-overwrite"
            type="button"
          >
            <span
              class="ons-btn__inner"
            >
              Cancel
            </span>
          </button>
        </form>
        <h2
          class="ons-u-mt-xl"
        >
          Users to upload
        </h2>
        <div
          class="ons-panel ons-panel--info ons-panel--no-title  ons-u-mt-m"
        >
          <div
            class="ons-panel__body "
          >
            No users found to upload
          </div>
        </div>
      </main>
    </div>
  </body>,
  "container": <div>
    <nav
      aria-label="Breadcrumb"
      class="ons-breadcrumb"
    >
      <ol
        class="ons-breadcrumb__items ons-u-fs-s"
      >
        <li
          class="ons-breadcrumb__item"
          id="breadcrumb-0"
        >
          <a
            class="ons-breadcrumb__link"
            href="/"
          >
            Home
          </a>
          <svg
            class="ons-svg-icon"
            focusable="false"
            viewBox="0 0 8 13"
            xmlns="http://www.w3.org/2000/svg"
          >
            <path
              d="M5.74,14.28l-.57-.56a.5.5,0,0,1,0-.71h0l5-5-5-5a.5.5,0,0,1,0-.71h0l.57-.56a.5.5,0,0,1,.71,0h0l5.93,5.93a.5.5,0,0,1,0,.7L6.45,14.28a.5.5,0,0,1-.71,0Z"
              transform="translate(-5.02 -1.59)"
            />
          </svg>
        </li>
        <li
          class="ons-breadcrumb__item"
          id="breadcrumb-1"
        >
          <a
            class="ons-breadcrumb__link"
            href="/users"
          >
            Manage users
          </a>
          <svg
            class="ons-svg-icon"
            focusable="false"
            viewBox="0 0 8 13"
            xmlns="http://www.w3.org/2000/svg"
          >
            <path
              d="M5.74,14.28l-.57-.56a.5.5,0,0,1,0-.71h0l5-5-5-5a.5.5,0,0,1,0-.71h0l.57-.56a.5.5,0,0,1,.71,0h0l5.93,5.93a.5.5,0,0,1,0,.7L6.45,14.28a.5.5,0,0,1-.71,0Z"
              transform="translate(-5.02 -1.59)"
            />
          </svg>
        </li>
      </ol>
    </nav>
    <main
      class="ons-page__main ons-u-mt-no"
      id="main-content"
    >
      <h1
        class="ons-u-mb-l"
      >
        Bulk upload 
        <em>
          zero
        </em>
         user
        ?
      </h1>
      <div
        class="ons-panel ons-panel--info ons-panel--no-title  ons-u-mt-m"
      >
        <div
          class="ons-panel__body "
        >
          <p>
            0
             of 
            0
             users are valid and will be uploaded. 
            <em>
              Invalid users will not be uploaded.
            </em>
             You can review any issues in the table below.
          </p>
        </div>
      </div>
      <form
        class="ons-u-mt-s"
      >
        <fieldset
          class="ons-fieldset"
        >
          <legend
            class="ons-fieldset__legend"
          />
          <div
            class="ons-radios__items"
          >
            <p
              class="ons-radios__item"
            >
              <span
                class="ons-radio"
              >
                <input
                  aria-label="Yes"
                  class="ons-radio__input ons-js-radio "
                  id="confirm-upload"
                  name="confirm-upload"
                  type="radio"
                  value="True"
                />
                <label
                  class="ons-radio__label "
                  for="confirm-upload"
                >
                  Yes, upload 
                  zero
                   valid user
                </label>
              </span>
            </p>
            <br />
            <p
              class="ons-radios__item"
            >
              <span
                class="ons-radio"
              >
                <input
                  aria-label="No"
                  class="ons-radio__input ons-js-radio "
                  id="cancel-upload"
                  name="confirm-upload"
                  type="radio"
                  value="False"
                />
                <label
                  class="ons-radio__label "
                  for="cancel-upload"
                >
                  No, do not upload any users
                </label>
              </span>
            </p>
          </div>
        </fieldset>
        <br />
        <button
          class="ons-btn "
          data-testid="button"
          id="confirm-continue"
          type="button"
        >
          <span
            class="ons-btn__inner"
          >
            Continue
          </span>
        </button>
        <button
          class="ons-btn  ons-btn--secondary"
          data-testid="button"
          id="cancel-overwrite"
          type="button"
        >
          <span
            class="ons-btn__inner"
          >
            Cancel
          </span>
        </button>
      </form>
      <h2
        class="ons-u-mt-xl"
      >
        Users to upload
      </h2>
      <div
        class="ons-panel ons-panel--info ons-panel--no-title  ons-u-mt-m"
      >
        <div
          class="ons-panel__body "
        >
          No users found to upload
        </div>
      </div>
    </main>
  </div>,
  "debug": [Function],
  "findAllByAltText": [Function],
  "findAllByDisplayValue": [Function],
  "findAllByLabelText": [Function],
  "findAllByPlaceholderText": [Function],
  "findAllByRole": [Function],
  "findAllByTestId": [Function],
  "findAllByText": [Function],
  "findAllByTitle": [Function],
  "findByAltText": [Function],
  "findByDisplayValue": [Function],
  "findByLabelText": [Function],
  "findByPlaceholderText": [Function],
  "findByRole": [Function],
  "findByTestId": [Function],
  "findByText": [Function],
  "findByTitle": [Function],
  "getAllByAltText": [Function],
  "getAllByDisplayValue": [Function],
  "getAllByLabelText": [Function],
  "getAllByPlaceholderText": [Function],
  "getAllByRole": [Function],
  "getAllByTestId": [Function],
  "getAllByText": [Function],
  "getAllByTitle": [Function],
  "getByAltText": [Function],
  "getByDisplayValue": [Function],
  "getByLabelText": [Function],
  "getByPlaceholderText": [Function],
  "getByRole": [Function],
  "getByTestId": [Function],
  "getByText": [Function],
  "getByTitle": [Function],
  "queryAllByAltText": [Function],
  "queryAllByDisplayValue": [Function],
  "queryAllByLabelText": [Function],
  "queryAllByPlaceholderText": [Function],
  "queryAllByRole": [Function],
  "queryAllByTestId": [Function],
  "queryAllByText": [Function],
  "queryAllByTitle": [Function],
  "queryByAltText": [Function],
  "queryByDisplayValue": [Function],
  "queryByLabelText": [Function],
  "queryByPlaceholderText": [Function],
  "queryByRole": [Function],
  "queryByTestId": [Function],
  "queryByText": [Function],
  "queryByTitle": [Function],
  "rerender": [Function],
  "unmount": [Function],
}
`;
